// Jest Snapshot v1, https://goo.gl/fbAQLP

exports[`Braaseye draws_correctly_noOffset 1`] = `
<canvas
  data-snapshot-image="data:image/png;base64,iVBORw0KGgoAAAANSUhEUgAAAGQAAAAyCAYAAACqNX6+AAAABmJLR0QA/wD/AP+gvaeTAAAEKElEQVR4nO2YMUgbXxzHvw14Qi7aDoUsSZtAiAY6mAaJRFA3FxEFbdeA4NzFxdWtS6lCKQjecIuQQSmiLnoKogW7KTgaUKi2w+USyylBvv/hHab2b7IUk3flfSDk8fjluN/7kPfuvk9IEgppCLT6BhT38aWQgwMglQJ0HchkgO1tMX9yAmSzYn58HCiVGtcDQLEIxOPA169AOg0Eg8Dr18C3b01vS0AfMjZGzs+TlQo5N0eOjIj5XI4sFEjXJdfXyenpxvUkaRhkPk8mk+SXL+K3nz6Rr141vS2SpC+FRCKkbYvx+TmZSIhxMCgWnSSvrkRdo3pSyDCM+9f/9Yt89uzRbr8hvtyyfv4EQiExfv4cuLgQ41QK2NsDrq8BwwB+/GhcDwA7O8DQ0P3r7+0Bb948Zgf18aWQtjbg9laMSSDgdbG4CMzMAOEw4DiApjWuLxbFdyxWu/bFBfDhA/D+/WN38TC+FBIO1w5s2wYiETFOp4GjIyFjcrK20PXq//x3fP8OvHsHfP4MPH3ahEYewJdCslnANAHXFd/JpJhPJoHVVbHoKyvAxETj+t1dYHBQjDc3gbdvgY8fgZcvm9/THa05uv4OyyKjUVLTyK4ucn+/Np9IkKEQOTVF3tw0ro/FyNNTMX7xghQbWu3TCp6Q6k1dJny5Zf3LKCGS4UshBwcHSKVS0HUdmUwG214WcnJygmw2C13XMT4+jpL3aFWvHgCKxSLi8TiOj4/R19cHXdfR29uLra2tlvTmy0N9bGyM8/PzrFQqnJub44iXheRyORYKBbquy/X1dU572Um9epI0DIP5fJ49PT1cWlpiuVzm2toa4/F4S3rzpZBIJELby0LOz8+Z8LKQYDDIipedXF1dMeJlJ/XqSTKfz9P4LTsplUo0DIP9/f3NaOV/+FJIe3s7q9UqSfL6+pqhUIgkmclkuLGxQdd1ubCwQE3TGtaTZCwW46n37Os4Djs6OhgIBLi8vNzEjmr48gxpa2vDrZeFkETAy0IWFxcxMzODcDgMx3GgedlJvfqil53EvFf6zs5OlMtlmKaJ2dnZJnZUw5dCwuHw3YFt2zYiXhaSTqdxdHQEx3EwOTl5t9D16nd2djD0Z7IIYHR0FJeXl4/fyAP4Ukg2m4VpmnBdF6ZpIullIclkEqurq7BtGysrK5jwspN69bu7uxj0spPu7m5YloVqtYrNzU0MDAy0prmWbJR/iWVZjEaj1DSNXV1d3PeyEMuymEgkGAqFODU1xRsvO6lX//v5cXh4yHQ6TV3XOTw8zLOzs5b0pqITyfDllvUvo4RIhhIiGUqIZCghkqGESIYSIhlKiGQoIZKhhEiGEiIZSohkKCGSoYRIhhIiGUqIZCghkqGESIYSIhlKiGQoIZKhhEiGEiIZSohkKCGSoYRIhhIiGUqIZPwHPP4MH6WIe34AAAAASUVORK5CYII="
  height="50"
  width="100"
/>
`;

exports[`Braaseye draws_correctly_withOffset 1`] = `
<canvas
  data-snapshot-image="data:image/png;base64,iVBORw0KGgoAAAANSUhEUgAAAGQAAAAyCAYAAACqNX6+AAAABmJLR0QA/wD/AP+gvaeTAAAEK0lEQVR4nO2ZMUgbURjH/w3khFy0HQpZYptAiAY6mAaJKKibi4iCtmtAcO7i4urWpVShFARvuEVwUIpoFj0F0YLdFBwNKFTb4XKJ5ZQg/w53VC0kaK3JN7wfhDweX4773o+8d/nnCUlCIYZAo29AcRslRBhKiDCUEGEoIcJQQoShhAhDCRGGEiIMJUQYSogwRAnZ3QVSKUDXgUwG2Njw5g8PgWzWmx8ZAYrF2vUAUCgA8Tjw9SuQTgOhEPD6NfDtW93buh8UxPAwOTNDlsvk9DQ5OOjNd3eTi4uk65Krq+TERO16kjQMMpcjk0nyyxfvs58+ka9e1b2teyFKSDRK2rY3PjkhEwlvHAp5i06S5+deXa160pNhGLev/+sX+ezZo93+f0HUlvXzJxAOe+Pnz4HTU2+cSgHb28DFBWAYwI8ftesBYHMT6O+/ff3tbeDNm8fs4OGIEhIMAldX3pgEAv7dzc0Bk5NAJAI4DqBptesLBe89Fru+9ukp8OED8P79Y3fxMEQJiUSuD2zbBqJRb5xOA/v7noyxseuFrlb/97fj+3fg3Tvg82fg6dM6NPIARAnJZgHTBFzXe08mvflkElhe9hZ9aQkYHa1dv7UF9PV543weePsW+PgRePmy/j3dm0YfYjexLLK1ldQ0sq2N3Nm5nk8kyHCYHB8nLy9r18di5NGRN37xgvQ2tOuXZJ6Q6j91SYjashRKiDhECdnd3UUqlYKu68hkMtjws5DDw0Nks1nouo6RkREU/UeravUAUCgUEI/HcXBwgK6uLui6js7OTqyvrzektzvT6EPsJsPDw5yZmWG5XOb09DQH/Syku7ubi4uLdF2Xq6urnPCzk2r1JGkYBnO5HDs6Ojg/P89SqcSVlRXG4/GG9HZXRAmJRqO0/Szk5OSECT8LCYVCLPvZyfn5OaN+dlKtniRzuRyNG9lJsVikYRjs6empRyv/jCghTU1NrFQqJMmLiwuGw2GSZCaT4draGl3X5ezsLDVNq1lPkrFYjEf+s6/jOGxubmYgEODCwkIdO7o/os6QYDCIKz8LIYmAn4XMzc1hcnISkUgEjuNA87OTavUFPzuJ+T/pW1paUCqVYJompqam6tjR/RElJBKJ/DmwbdtG1M9C0uk09vf34TgOxsbG/ix0tfrNzU30/50sAhgaGsLZ2dnjN/IARAnJZrMwTROu68I0TST9LCSZTGJ5eRm2bWNpaQmjfnZSrX5rawt9fnbS3t4Oy7JQqVSQz+fR29vbmObuSqP3zJtYlsXW1lZqmsa2tjbu+FmIZVlMJBIMh8McHx/npZ+dVKu/eX7s7e0xnU5T13UODAzw+Pi4Ib3dFRWdCEPUlqVQQsShhAhDCRGGEiIMJUQYSogwlBBhKCHCUEKEoYQIQwkRhhIiDCVEGEqIMJQQYSghwlBChPEb9Y4MHwMaaDQAAAAASUVORK5CYII="
  height="50"
  width="100"
/>
`;
