// Jest Snapshot v1, https://goo.gl/fbAQLP

exports[`draw_group_cap draws_capping_group 1`] = `
<canvas
  data-snapshot-image="data:image/png;base64,iVBORw0KGgoAAAANSUhEUgAAASwAAACWCAYAAABkW7XSAAAABmJLR0QA/wD/AP+gvaeTAAAC/ElEQVR4nO3dv2uVVxgH8O+VCMHopMlQ3DJIhqaGVIrQ/6IEd9dMxdg5Y2Ps2DlGC536j5QW6aJTQUsGxRRashQqPA45lNsq2jTn5o29n890uT++PNPDec977vMmAAAAAAAAAAAAAAAAAAAAAAAAAAAAAAAAAAAAAAAAAAAAAAAAAAAAAAAAAMcwGrqAXirZSPJrksdJfhwlfw5cEtDZmaELOKpKrlVyr5L7lSyNfbSQ5NMkXyfZr2S3kmvDVAlMtUoWKnlQyZNKblWyXsn39YamW8nFSjYqedoa28IQNQNTqJKPKvmlkq1Kzo29P/OO381Vst2a3PLkKwWmWiVXK3leyWfHyFir5JmmBUxMuwx8epxmNZa11lZa8z1qA/ibSr6pZKtj3nYlu73yAJIklXzSVkTn3v3tf50511Zsq70yAdLuCH7eOfNCJV9W8m3PXGCKVXK2kt8rudgha7GSvUr+qOSgrbA2O5QJkFRyvZIfOmXNVHK5ktkeecBw3nqOaUBLSX7qETRKXibZ65EFDOu0/jVnPsmLoYsAGFw73rAxdB3A0ZzWFdakXUqyP3QRwNG8Fw2rktm2cd5rz20lyaNOWcC0q2SzHUE4aEcS9ipZ7JA7X8lvHZsfcEJO8wrrSg4PeH4wSmZHyeVR8nOH3JtJvmt3DwGOr5KP2wprrmPm+TamZqVXJkCSpA3fu9Mx76tKdnrlAfxlbLzMWoesG8bLABNVyXIb4Pefm1ZrVs8q+bBnbQCvaU3rSTvw+dY9rfG7f22czN32W80KOBntOMJuu0S8XYeHP//5nTPtwRTrlXzRNtjvuQwEBlHJaiU7bfzMw/Z6e+zzpbZZv2NQH/y/vLcPUm2Xfqs5nOxwaZTcHbgkAAAAAAAAAAAAAAAAAAAAAAAAAAAAAAAAAAAAAAAAAAAAAAAAAAAAAAAAAAAAAAAAAAAAAAAAAAAAAAAAAAAAAAAAAAAAAAAAAAAAAAAAAAAAAAAAAAAAAAAAAAAAAAAAAAAAAACASXoFwb7VzJzIti8AAAAASUVORK5CYII="
/>
`;

exports[`draw_group_cap draws_singleship_cap 1`] = `
<canvas
  data-snapshot-image="data:image/png;base64,iVBORw0KGgoAAAANSUhEUgAAASwAAACWCAYAAABkW7XSAAAABmJLR0QA/wD/AP+gvaeTAAACrUlEQVR4nO3dy4pcVRTH4V+FKIKZKUgQDc4kKGnxEiXkBewg6BM4ciQi5CUEh07EmbMoXt5CHOkoIMRW8ZbGB9CJ6e2gDgEvdJP06T5d5vuGRa3Fvyabc1l7VwEAAAAAAAAAAAAAAAAAAAAAAAAAAAAAAAAAAAAAAAAAAAAAAAAAAAAAAAAAAHCCrJYOcBijnqxeqB6uTle/Vl+v6vqiwYAjsXEL1qgz1RvVW9Ve9UW1W92qHq1eqk5V71Xvr+r3haIC97JRl0ftjLo26pl9vrc16uNR34168TgzAjTqtVE3R718BzVXpppXjzIbwG2jLk0Lz4W7qL0wanfU5aPIBnDbqDOjvh915RA9tkd9O+rBObMB/M2oq6OuzdDno1FX58gE8J9G/TBqa4Y+z08P4TfuzSiwAUadH7UzY7+daXYL2ECnlg5wgOdaz1nN5cvWg6bABjrpC9Yj1c0Z++1WD83YDzhGp5cOsJ9VvTtzyz+r+2buCRyTk36FNbdz1Y9LhwA40PSW8PzSOQD2NerZUTeWzgFwoFGfjXp76RzA/9yo+0ddOkT9K9MM1gNz5gL4l1Efjro16um7qN2aNj+bvwKO3qizo/ZG/TZq+w7qtqfFyvEywPGZjpf5dNpb+MkBB/hdnDY73zjMrSRwspzowdF/+Lz1ldIT1ZutTxQd1VetZ6v2qseri62PS/6gen1VfywTF5jbxpxcMOps9Ut1blU/TZ891fq51mOtf8vPrRewb1brxQxgGdNt4TtL5wA40Fj/nRcAAAAAAAAAAAAAAAAAAAAAAAAAAAAAAAAAAAAAAAAAAAAAAAAAAAAAAAAAAAAAAAAAAAAAAAAAAAAAAAAAAAAAAAAAAAAAAAAAAAAAAAAAAAAAAAAAAAAAAAAAAAAAAAAAAAAAAMC96C9ohpQnEFcpXQAAAABJRU5ErkJggg=="
/>
`;
